{
    "phrases": [
        {
            "hashToText": {
                "1bcf6999e651288a267aa813f560f520": "You just friended {name}"
            },
            "desc": "names",
            "project": "website app",
            "author": "richard",
            "type": "table",
            "jsfbt": {
                "t": {
                    "*": "You just friended {name}"
                },
                "m": [
                    {
                        "token": "name",
                        "type": 1
                    }
                ]
            }
        },
        {
            "hashToText": {
                "5484cc530aff8e1f4e3ea8dc28775f7e": "simple text"
            },
            "desc": "desc",
            "project": "website app",
            "author": "richard",
            "type": "text",
            "jsfbt": "simple text"
        },
        {
            "hashToText": {
                "b48e3d890af7dedcc41b7eaceb5b1f05": "{=STRONG} text"
            },
            "desc": "HTML text",
            "project": "website app",
            "author": "richard",
            "type": "text",
            "jsfbt": "{=STRONG} text"
        },
        {
            "hashToText": {
                "936db62aa99ecac4f66c75fe0b541759": "STRONG"
            },
            "desc": "In the phrase: \"{=STRONG} text\"",
            "project": "website app",
            "author": "richard",
            "type": "text",
            "jsfbt": "STRONG"
        },
        {
            "hashToText": {
                "148853a76e8b03abba9b8d94e2f83b09": "A simple string"
            },
            "desc": "It&#039;s simple",
            "project": "website app",
            "author": "richard",
            "type": "text",
            "jsfbt": "A simple string"
        },
        {
            "hashToText": {
                "f72ec260b654d46acd2b25fa71c30a04": "Pick an emoji\u2026"
            },
            "desc": "placeholder text for emoji picker",
            "project": "website app",
            "author": "richard",
            "type": "text",
            "jsfbt": "Pick an emoji\u2026"
        },
        {
            "hashToText": {
                "fcac25dd654e4c61d70b5daabb091834": "Go on an {=awesome} vacation"
            },
            "desc": "It&#039;s simple",
            "project": "foo",
            "author": "richard",
            "type": "text",
            "jsfbt": "Go on an {=awesome} vacation"
        },
        {
            "hashToText": {
                "65ddf5e8636f32ac68bf77e5439809d7": "{=awesome}"
            },
            "desc": "In the phrase: \"Go on an {=awesome} vacation\"",
            "project": "foo",
            "author": "richard",
            "type": "text",
            "jsfbt": "{=awesome}"
        },
        {
            "hashToText": {
                "6bbb015218a9c99babf7213c1fa764d8": "awesome"
            },
            "desc": "In the phrase: \"Go on an {=awesome} vacation\"",
            "project": "foo",
            "author": "richard",
            "type": "text",
            "jsfbt": "awesome"
        }
    ],
    "childParentMappings": {
        "3": 2,
        "7": 6,
        "8": 7
    }
}